// Jest Snapshot v1, https://goo.gl/fbAQLP

exports[`<TimeTracker /> renders the TimeTracker. 1`] = `
<Styled(WithStyles(ForwardRef(Slider)))
  aria-label="time tracker"
  marks={
    Array [
      Object {
        "value": 100,
      },
    ]
  }
  onChange={[Function]}
  value={100}
  valueLabelDisplay="on"
  valueLabelFormat={[Function]}
/>
`;
