// Jest Snapshot v1, https://goo.gl/fbAQLP

exports[`<SectionsLayer /> renders correctly. 1`] = `<Group />`;
