// Jest Snapshot v1, https://goo.gl/fbAQLP

exports[`<NonAuthForm /> renders correctly. 1`] = `
<React.Fragment>
  <styled.div>
    Header
  </styled.div>
  <styled.div>
    Instructions
  </styled.div>
  Form Values
  <styled.div>
    Footer
  </styled.div>
</React.Fragment>
`;
