// Jest Snapshot v1, https://goo.gl/fbAQLP

exports[`<LineChart /> renders correctly. 1`] = `
<Context.Consumer>
  [Function]
</Context.Consumer>
`;
